mode: set
github.com/dmtsa27/kachka.git/docs/docs.go:434.13,436.2 1 0
github.com/dmtsa27/kachka.git/cmd/bot/main.go:21.13,22.44 1 0
github.com/dmtsa27/kachka.git/cmd/bot/main.go:22.44,24.3 1 0
github.com/dmtsa27/kachka.git/cmd/bot/main.go:26.2,31.76 1 0
github.com/dmtsa27/kachka.git/cmd/bot/main.go:31.76,34.46 2 0
github.com/dmtsa27/kachka.git/cmd/bot/main.go:34.46,35.16 1 0
github.com/dmtsa27/kachka.git/cmd/bot/main.go:35.16,37.61 1 0
github.com/dmtsa27/kachka.git/cmd/bot/main.go:37.61,39.8 1 0
github.com/dmtsa27/kachka.git/cmd/bot/main.go:41.6,41.16 1 0
github.com/dmtsa27/kachka.git/cmd/bot/main.go:43.45,46.6 2 0
github.com/dmtsa27/kachka.git/cmd/bot/main.go:51.2,51.11 1 0
github.com/dmtsa27/kachka.git/pkg/telegram/telegram.go:22.26,24.19 2 0
github.com/dmtsa27/kachka.git/pkg/telegram/telegram.go:24.19,26.5 1 0
github.com/dmtsa27/kachka.git/pkg/telegram/telegram.go:27.4,27.21 1 0
github.com/dmtsa27/kachka.git/pkg/telegram/telegram.go:29.36,31.4 1 0
github.com/dmtsa27/kachka.git/pkg/telegram/telegram.go:32.33,32.45 1 0
github.com/dmtsa27/kachka.git/pkg/telegram/telegram.go:75.44,77.2 1 0
github.com/dmtsa27/kachka.git/pkg/telegram/telegram.go:79.90,84.16 2 0
github.com/dmtsa27/kachka.git/pkg/telegram/telegram.go:84.16,87.3 2 0
github.com/dmtsa27/kachka.git/pkg/telegram/telegram.go:88.2,88.27 1 0
github.com/dmtsa27/kachka.git/pkg/telegram/telegram.go:91.54,93.16 2 0
github.com/dmtsa27/kachka.git/pkg/telegram/telegram.go:93.16,95.3 1 0
github.com/dmtsa27/kachka.git/pkg/telegram/telegram.go:98.2,99.16 2 0
github.com/dmtsa27/kachka.git/pkg/telegram/telegram.go:99.16,101.3 1 0
github.com/dmtsa27/kachka.git/pkg/telegram/telegram.go:103.2,107.8 1 0
github.com/dmtsa27/kachka.git/pkg/telegram/telegram.go:110.50,111.85 1 0
github.com/dmtsa27/kachka.git/pkg/telegram/telegram.go:111.85,113.3 1 0
github.com/dmtsa27/kachka.git/pkg/telegram/telegram.go:115.2,125.16 2 0
github.com/dmtsa27/kachka.git/pkg/telegram/telegram.go:125.16,127.3 1 0
github.com/dmtsa27/kachka.git/pkg/telegram/telegram.go:129.2,130.16 2 0
github.com/dmtsa27/kachka.git/pkg/telegram/telegram.go:130.16,132.3 1 0
github.com/dmtsa27/kachka.git/pkg/telegram/telegram.go:135.2,135.59 1 0
github.com/dmtsa27/kachka.git/pkg/telegram/telegram.go:135.59,136.58 1 0
github.com/dmtsa27/kachka.git/pkg/telegram/telegram.go:136.58,139.69 2 0
github.com/dmtsa27/kachka.git/pkg/telegram/telegram.go:139.69,141.77 2 0
github.com/dmtsa27/kachka.git/pkg/telegram/telegram.go:141.77,143.6 1 0
github.com/dmtsa27/kachka.git/pkg/telegram/telegram.go:144.5,144.92 1 0
github.com/dmtsa27/kachka.git/pkg/telegram/telegram.go:144.92,146.6 1 0
github.com/dmtsa27/kachka.git/pkg/telegram/telegram.go:149.3,149.26 1 0
github.com/dmtsa27/kachka.git/pkg/telegram/telegram.go:152.2,155.71 2 0
github.com/dmtsa27/kachka.git/pkg/telegram/telegram.go:155.71,158.3 2 0
github.com/dmtsa27/kachka.git/pkg/telegram/telegram.go:161.2,161.71 1 0
github.com/dmtsa27/kachka.git/pkg/telegram/telegram.go:161.71,163.17 2 0
github.com/dmtsa27/kachka.git/pkg/telegram/telegram.go:163.17,165.4 1 0
github.com/dmtsa27/kachka.git/pkg/telegram/telegram.go:166.3,166.55 1 0
github.com/dmtsa27/kachka.git/pkg/telegram/telegram.go:166.55,169.4 2 0
github.com/dmtsa27/kachka.git/pkg/telegram/telegram.go:171.3,172.22 2 0
github.com/dmtsa27/kachka.git/pkg/telegram/telegram.go:172.22,175.4 2 0
github.com/dmtsa27/kachka.git/pkg/telegram/telegram.go:176.3,177.84 2 0
github.com/dmtsa27/kachka.git/pkg/telegram/telegram.go:177.84,180.4 2 0
github.com/dmtsa27/kachka.git/pkg/telegram/telegram.go:181.3,182.136 2 0
github.com/dmtsa27/kachka.git/pkg/telegram/telegram.go:182.136,184.4 1 0
github.com/dmtsa27/kachka.git/pkg/telegram/telegram.go:185.3,186.13 2 0
github.com/dmtsa27/kachka.git/pkg/telegram/telegram.go:190.2,190.71 1 0
github.com/dmtsa27/kachka.git/pkg/telegram/telegram.go:190.71,192.17 2 0
github.com/dmtsa27/kachka.git/pkg/telegram/telegram.go:192.17,194.4 1 0
github.com/dmtsa27/kachka.git/pkg/telegram/telegram.go:195.3,195.55 1 0
github.com/dmtsa27/kachka.git/pkg/telegram/telegram.go:195.55,198.4 2 0
github.com/dmtsa27/kachka.git/pkg/telegram/telegram.go:200.3,201.22 2 0
github.com/dmtsa27/kachka.git/pkg/telegram/telegram.go:201.22,204.4 2 0
github.com/dmtsa27/kachka.git/pkg/telegram/telegram.go:205.3,206.73 2 0
github.com/dmtsa27/kachka.git/pkg/telegram/telegram.go:206.73,209.4 2 0
github.com/dmtsa27/kachka.git/pkg/telegram/telegram.go:210.3,211.136 2 0
github.com/dmtsa27/kachka.git/pkg/telegram/telegram.go:211.136,213.4 1 0
github.com/dmtsa27/kachka.git/pkg/telegram/telegram.go:214.3,215.13 2 0
github.com/dmtsa27/kachka.git/pkg/telegram/telegram.go:219.2,219.71 1 0
github.com/dmtsa27/kachka.git/pkg/telegram/telegram.go:219.71,221.17 2 0
github.com/dmtsa27/kachka.git/pkg/telegram/telegram.go:221.17,223.4 1 0
github.com/dmtsa27/kachka.git/pkg/telegram/telegram.go:224.3,224.55 1 0
github.com/dmtsa27/kachka.git/pkg/telegram/telegram.go:224.55,227.4 2 0
github.com/dmtsa27/kachka.git/pkg/telegram/telegram.go:229.3,230.22 2 0
github.com/dmtsa27/kachka.git/pkg/telegram/telegram.go:230.22,233.4 2 0
github.com/dmtsa27/kachka.git/pkg/telegram/telegram.go:234.3,235.73 2 0
github.com/dmtsa27/kachka.git/pkg/telegram/telegram.go:235.73,238.4 2 0
github.com/dmtsa27/kachka.git/pkg/telegram/telegram.go:239.3,240.136 2 0
github.com/dmtsa27/kachka.git/pkg/telegram/telegram.go:240.136,242.4 1 0
github.com/dmtsa27/kachka.git/pkg/telegram/telegram.go:243.3,244.13 2 0
github.com/dmtsa27/kachka.git/pkg/telegram/telegram.go:248.2,248.71 1 0
github.com/dmtsa27/kachka.git/pkg/telegram/telegram.go:248.71,251.17 3 0
github.com/dmtsa27/kachka.git/pkg/telegram/telegram.go:251.17,255.4 3 0
github.com/dmtsa27/kachka.git/pkg/telegram/telegram.go:257.3,260.55 3 0
github.com/dmtsa27/kachka.git/pkg/telegram/telegram.go:260.55,262.4 1 0
github.com/dmtsa27/kachka.git/pkg/telegram/telegram.go:262.9,271.4 2 0
github.com/dmtsa27/kachka.git/pkg/telegram/telegram.go:273.3,277.22 2 0
github.com/dmtsa27/kachka.git/pkg/telegram/telegram.go:277.22,279.4 1 0
github.com/dmtsa27/kachka.git/pkg/telegram/telegram.go:281.3,282.13 2 0
github.com/dmtsa27/kachka.git/pkg/telegram/telegram.go:286.2,286.81 1 0
github.com/dmtsa27/kachka.git/pkg/telegram/telegram.go:286.81,289.17 3 0
github.com/dmtsa27/kachka.git/pkg/telegram/telegram.go:289.17,291.4 1 0
github.com/dmtsa27/kachka.git/pkg/telegram/telegram.go:293.3,293.37 1 0
github.com/dmtsa27/kachka.git/pkg/telegram/telegram.go:293.37,294.56 1 0
github.com/dmtsa27/kachka.git/pkg/telegram/telegram.go:294.56,300.5 1 0
github.com/dmtsa27/kachka.git/pkg/telegram/telegram.go:302.4,307.35 3 0
github.com/dmtsa27/kachka.git/pkg/telegram/telegram.go:307.35,310.5 2 0
github.com/dmtsa27/kachka.git/pkg/telegram/telegram.go:312.4,312.16 1 0
github.com/dmtsa27/kachka.git/pkg/telegram/telegram.go:312.16,318.5 1 0
github.com/dmtsa27/kachka.git/pkg/telegram/telegram.go:321.4,337.18 6 0
github.com/dmtsa27/kachka.git/pkg/telegram/telegram.go:337.18,344.5 2 0
github.com/dmtsa27/kachka.git/pkg/telegram/telegram.go:346.4,350.40 3 0
github.com/dmtsa27/kachka.git/pkg/telegram/telegram.go:350.40,352.30 2 0
github.com/dmtsa27/kachka.git/pkg/telegram/telegram.go:352.30,354.6 1 0
github.com/dmtsa27/kachka.git/pkg/telegram/telegram.go:358.4,358.121 1 0
github.com/dmtsa27/kachka.git/pkg/telegram/telegram.go:358.121,365.5 2 0
github.com/dmtsa27/kachka.git/pkg/telegram/telegram.go:368.4,376.6 2 0
github.com/dmtsa27/kachka.git/pkg/telegram/telegram.go:379.3,381.5 1 0
github.com/dmtsa27/kachka.git/pkg/telegram/telegram.go:385.2,385.71 1 0
github.com/dmtsa27/kachka.git/pkg/telegram/telegram.go:385.71,391.92 5 0
github.com/dmtsa27/kachka.git/pkg/telegram/telegram.go:391.92,393.4 1 0
github.com/dmtsa27/kachka.git/pkg/telegram/telegram.go:394.3,394.13 1 0
github.com/dmtsa27/kachka.git/pkg/telegram/telegram.go:395.53,397.3 1 0
github.com/dmtsa27/kachka.git/pkg/telegram/telegram.go:400.2,400.95 1 0
github.com/dmtsa27/kachka.git/pkg/telegram/telegram.go:400.95,401.27 1 0
github.com/dmtsa27/kachka.git/pkg/telegram/telegram.go:401.27,403.4 1 0
github.com/dmtsa27/kachka.git/pkg/telegram/telegram.go:405.3,410.17 5 0
github.com/dmtsa27/kachka.git/pkg/telegram/telegram.go:410.17,413.4 2 0
github.com/dmtsa27/kachka.git/pkg/telegram/telegram.go:415.3,415.14 1 0
github.com/dmtsa27/kachka.git/pkg/telegram/telegram.go:415.14,417.4 1 0
github.com/dmtsa27/kachka.git/pkg/telegram/telegram.go:419.3,419.16 1 0
github.com/dmtsa27/kachka.git/pkg/telegram/telegram.go:419.16,421.4 1 0
github.com/dmtsa27/kachka.git/pkg/telegram/telegram.go:422.3,422.13 1 0
github.com/dmtsa27/kachka.git/pkg/telegram/telegram.go:426.2,426.90 1 0
github.com/dmtsa27/kachka.git/pkg/telegram/telegram.go:426.90,430.108 3 0
github.com/dmtsa27/kachka.git/pkg/telegram/telegram.go:430.108,432.4 1 0
github.com/dmtsa27/kachka.git/pkg/telegram/telegram.go:433.3,433.13 1 0
github.com/dmtsa27/kachka.git/pkg/telegram/telegram.go:438.2,438.92 1 0
github.com/dmtsa27/kachka.git/pkg/telegram/telegram.go:438.92,449.10 7 0
github.com/dmtsa27/kachka.git/pkg/telegram/telegram.go:450.18,460.92 3 0
github.com/dmtsa27/kachka.git/pkg/telegram/telegram.go:460.92,462.5 1 0
github.com/dmtsa27/kachka.git/pkg/telegram/telegram.go:462.10,464.5 1 0
github.com/dmtsa27/kachka.git/pkg/telegram/telegram.go:466.48,467.81 1 0
github.com/dmtsa27/kachka.git/pkg/telegram/telegram.go:467.81,469.5 1 0
github.com/dmtsa27/kachka.git/pkg/telegram/telegram.go:471.4,471.85 1 0
github.com/dmtsa27/kachka.git/pkg/telegram/telegram.go:471.85,473.5 1 0
github.com/dmtsa27/kachka.git/pkg/telegram/telegram.go:473.10,473.22 1 0
github.com/dmtsa27/kachka.git/pkg/telegram/telegram.go:473.22,475.5 1 0
github.com/dmtsa27/kachka.git/pkg/telegram/telegram.go:477.18,478.78 1 0
github.com/dmtsa27/kachka.git/pkg/telegram/telegram.go:478.78,480.5 1 0
github.com/dmtsa27/kachka.git/pkg/telegram/telegram.go:483.3,483.13 1 0
github.com/dmtsa27/kachka.git/pkg/telegram/telegram.go:486.2,493.12 5 0
github.com/dmtsa27/kachka.git/pkg/telegram/telegram.go:496.24,497.24 1 0
github.com/dmtsa27/kachka.git/pkg/telegram/telegram.go:497.24,499.3 1 0
github.com/dmtsa27/kachka.git/pkg/telegram/telegram.go:502.41,507.2 1 0
github.com/dmtsa27/kachka.git/pkg/telegram/telegram.go:509.43,511.2 1 0
github.com/dmtsa27/kachka.git/pkg/telegram/telegram.go:513.70,515.37 2 0
github.com/dmtsa27/kachka.git/pkg/telegram/telegram.go:515.37,517.10 2 0
github.com/dmtsa27/kachka.git/pkg/telegram/telegram.go:517.10,518.12 1 0
github.com/dmtsa27/kachka.git/pkg/telegram/telegram.go:521.3,522.17 2 0
github.com/dmtsa27/kachka.git/pkg/telegram/telegram.go:522.17,525.4 2 0
github.com/dmtsa27/kachka.git/pkg/telegram/telegram.go:527.2,527.15 1 0
github.com/dmtsa27/kachka.git/pkg/telegram/telegram.go:532.57,536.6 3 0
github.com/dmtsa27/kachka.git/pkg/telegram/telegram.go:536.6,538.17 2 0
github.com/dmtsa27/kachka.git/pkg/telegram/telegram.go:538.17,540.4 1 0
github.com/dmtsa27/kachka.git/pkg/telegram/telegram.go:540.9,541.34 1 0
github.com/dmtsa27/kachka.git/pkg/telegram/telegram.go:541.34,546.36 4 0
github.com/dmtsa27/kachka.git/pkg/telegram/telegram.go:546.36,548.80 1 0
github.com/dmtsa27/kachka.git/pkg/telegram/telegram.go:548.80,549.15 1 0
github.com/dmtsa27/kachka.git/pkg/telegram/telegram.go:552.6,554.20 3 0
github.com/dmtsa27/kachka.git/pkg/telegram/telegram.go:554.20,556.15 2 0
github.com/dmtsa27/kachka.git/pkg/telegram/telegram.go:558.6,560.81 2 0
github.com/dmtsa27/kachka.git/pkg/telegram/telegram.go:560.81,562.7 1 0
github.com/dmtsa27/kachka.git/pkg/telegram/telegram.go:567.3,567.10 1 0
github.com/dmtsa27/kachka.git/pkg/telegram/telegram.go:568.21,569.10 1 0
github.com/dmtsa27/kachka.git/pkg/telegram/telegram.go:570.19,570.19 0 0
github.com/dmtsa27/kachka.git/pkg/telegram/telegram.go:575.61,579.6 3 0
github.com/dmtsa27/kachka.git/pkg/telegram/telegram.go:579.6,582.22 2 0
github.com/dmtsa27/kachka.git/pkg/telegram/telegram.go:582.22,584.18 2 0
github.com/dmtsa27/kachka.git/pkg/telegram/telegram.go:584.18,586.5 1 0
github.com/dmtsa27/kachka.git/pkg/telegram/telegram.go:586.10,587.35 1 0
github.com/dmtsa27/kachka.git/pkg/telegram/telegram.go:587.35,592.48 1 0
github.com/dmtsa27/kachka.git/pkg/telegram/telegram.go:592.48,593.15 1 0
github.com/dmtsa27/kachka.git/pkg/telegram/telegram.go:596.6,599.80 3 0
github.com/dmtsa27/kachka.git/pkg/telegram/telegram.go:599.80,601.7 1 0
github.com/dmtsa27/kachka.git/pkg/telegram/telegram.go:606.3,606.10 1 0
github.com/dmtsa27/kachka.git/pkg/telegram/telegram.go:607.21,608.10 1 0
github.com/dmtsa27/kachka.git/pkg/telegram/telegram.go:609.19,609.19 0 0
github.com/dmtsa27/kachka.git/pkg/telegram/telegram.go:614.67,616.16 2 0
github.com/dmtsa27/kachka.git/pkg/telegram/telegram.go:616.16,619.3 2 0
github.com/dmtsa27/kachka.git/pkg/telegram/telegram.go:621.2,622.26 2 0
github.com/dmtsa27/kachka.git/pkg/telegram/telegram.go:622.26,625.18 3 0
github.com/dmtsa27/kachka.git/pkg/telegram/telegram.go:625.18,628.4 2 0
github.com/dmtsa27/kachka.git/pkg/telegram/telegram.go:630.3,631.24 2 0
github.com/dmtsa27/kachka.git/pkg/telegram/telegram.go:631.24,633.4 1 0
github.com/dmtsa27/kachka.git/pkg/telegram/telegram.go:635.3,635.107 1 0
github.com/dmtsa27/kachka.git/pkg/telegram/telegram.go:638.2,638.43 1 0
github.com/dmtsa27/kachka.git/pkg/telegram/telegram.go:641.98,643.22 2 0
github.com/dmtsa27/kachka.git/pkg/telegram/telegram.go:643.22,645.3 1 0
github.com/dmtsa27/kachka.git/pkg/telegram/telegram.go:645.8,647.28 2 0
github.com/dmtsa27/kachka.git/pkg/telegram/telegram.go:647.28,649.4 1 0
github.com/dmtsa27/kachka.git/pkg/telegram/telegram.go:650.3,650.48 1 0
github.com/dmtsa27/kachka.git/pkg/telegram/telegram.go:653.2,653.43 1 0
github.com/dmtsa27/kachka.git/pkg/telegram/telegram.go:656.63,658.71 1 0
github.com/dmtsa27/kachka.git/pkg/telegram/telegram.go:658.71,666.20 6 0
github.com/dmtsa27/kachka.git/pkg/telegram/telegram.go:666.20,669.4 2 0
github.com/dmtsa27/kachka.git/pkg/telegram/telegram.go:671.3,674.16 3 0
github.com/dmtsa27/kachka.git/pkg/telegram/telegram.go:674.16,676.25 2 0
github.com/dmtsa27/kachka.git/pkg/telegram/telegram.go:676.25,679.5 2 0
github.com/dmtsa27/kachka.git/pkg/telegram/telegram.go:681.4,686.25 3 0
github.com/dmtsa27/kachka.git/pkg/telegram/telegram.go:686.25,688.5 1 0
github.com/dmtsa27/kachka.git/pkg/telegram/telegram.go:690.4,690.17 1 0
github.com/dmtsa27/kachka.git/pkg/telegram/telegram.go:690.17,692.5 1 0
github.com/dmtsa27/kachka.git/pkg/telegram/telegram.go:692.10,694.5 1 0
github.com/dmtsa27/kachka.git/pkg/telegram/telegram.go:695.9,695.25 1 0
github.com/dmtsa27/kachka.git/pkg/telegram/telegram.go:695.25,697.27 2 0
github.com/dmtsa27/kachka.git/pkg/telegram/telegram.go:697.27,700.63 2 0
github.com/dmtsa27/kachka.git/pkg/telegram/telegram.go:700.63,702.6 1 0
github.com/dmtsa27/kachka.git/pkg/telegram/telegram.go:703.5,704.15 2 0
github.com/dmtsa27/kachka.git/pkg/telegram/telegram.go:708.4,710.22 3 0
github.com/dmtsa27/kachka.git/pkg/telegram/telegram.go:710.22,715.26 2 0
github.com/dmtsa27/kachka.git/pkg/telegram/telegram.go:715.26,717.6 1 0
github.com/dmtsa27/kachka.git/pkg/telegram/telegram.go:720.4,720.95 1 0
github.com/dmtsa27/kachka.git/pkg/telegram/telegram.go:723.3,723.13 1 0
github.com/dmtsa27/kachka.git/pkg/telegram/telegram.go:724.53,729.3 1 0
github.com/dmtsa27/kachka.git/pkg/telegram/telegram.go:732.2,732.62 1 0
github.com/dmtsa27/kachka.git/pkg/telegram/telegram.go:732.62,733.20 1 0
github.com/dmtsa27/kachka.git/pkg/telegram/telegram.go:733.20,735.4 1 0
github.com/dmtsa27/kachka.git/pkg/telegram/telegram.go:736.3,736.48 1 0
github.com/dmtsa27/kachka.git/pkg/telegram/telegram.go:736.48,738.11 2 0
github.com/dmtsa27/kachka.git/pkg/telegram/telegram.go:739.26,739.26 0 0
github.com/dmtsa27/kachka.git/pkg/telegram/telegram.go:740.12,740.12 0 0
github.com/dmtsa27/kachka.git/pkg/telegram/telegram.go:743.3,743.13 1 0
github.com/dmtsa27/kachka.git/pkg/telegram/telegram.go:747.2,747.71 1 0
github.com/dmtsa27/kachka.git/pkg/telegram/telegram.go:747.71,749.22 2 0
github.com/dmtsa27/kachka.git/pkg/telegram/telegram.go:749.22,752.4 2 0
github.com/dmtsa27/kachka.git/pkg/telegram/telegram.go:754.3,756.23 3 0
github.com/dmtsa27/kachka.git/pkg/telegram/telegram.go:756.23,758.4 1 0
github.com/dmtsa27/kachka.git/pkg/telegram/telegram.go:760.3,760.17 1 0
github.com/dmtsa27/kachka.git/pkg/telegram/telegram.go:760.17,763.4 2 0
github.com/dmtsa27/kachka.git/pkg/telegram/telegram.go:766.3,768.17 3 0
github.com/dmtsa27/kachka.git/pkg/telegram/telegram.go:768.17,770.26 2 0
github.com/dmtsa27/kachka.git/pkg/telegram/telegram.go:770.26,772.5 1 0
github.com/dmtsa27/kachka.git/pkg/telegram/telegram.go:775.3,784.17 3 0
github.com/dmtsa27/kachka.git/pkg/telegram/telegram.go:784.17,788.4 3 0
github.com/dmtsa27/kachka.git/pkg/telegram/telegram.go:790.3,791.17 2 0
github.com/dmtsa27/kachka.git/pkg/telegram/telegram.go:791.17,794.43 3 0
github.com/dmtsa27/kachka.git/pkg/telegram/telegram.go:794.43,796.5 1 0
github.com/dmtsa27/kachka.git/pkg/telegram/telegram.go:797.4,798.14 2 0
github.com/dmtsa27/kachka.git/pkg/telegram/telegram.go:801.3,808.90 4 0
github.com/dmtsa27/kachka.git/pkg/telegram/telegram.go:808.90,820.8 7 0
github.com/dmtsa27/kachka.git/pkg/telegram/telegram.go:820.8,821.12 1 0
github.com/dmtsa27/kachka.git/pkg/telegram/telegram.go:822.20,824.16 2 0
github.com/dmtsa27/kachka.git/pkg/telegram/telegram.go:825.26,827.36 2 0
github.com/dmtsa27/kachka.git/pkg/telegram/telegram.go:827.36,828.31 1 0
github.com/dmtsa27/kachka.git/pkg/telegram/telegram.go:828.31,830.8 1 0
github.com/dmtsa27/kachka.git/pkg/telegram/telegram.go:831.7,831.29 1 0
github.com/dmtsa27/kachka.git/pkg/telegram/telegram.go:831.29,833.8 1 0
github.com/dmtsa27/kachka.git/pkg/telegram/telegram.go:835.6,836.16 2 0
github.com/dmtsa27/kachka.git/pkg/telegram/telegram.go:836.16,838.17 2 0
github.com/dmtsa27/kachka.git/pkg/telegram/telegram.go:840.6,840.26 1 0
github.com/dmtsa27/kachka.git/pkg/telegram/telegram.go:840.26,842.17 2 0
github.com/dmtsa27/kachka.git/pkg/telegram/telegram.go:847.4,854.18 3 0
github.com/dmtsa27/kachka.git/pkg/telegram/telegram.go:854.18,856.5 1 0
github.com/dmtsa27/kachka.git/pkg/telegram/telegram.go:856.10,858.5 1 0
github.com/dmtsa27/kachka.git/pkg/telegram/telegram.go:861.4,861.36 1 0
github.com/dmtsa27/kachka.git/pkg/telegram/telegram.go:861.36,863.43 2 0
github.com/dmtsa27/kachka.git/pkg/telegram/telegram.go:863.43,864.30 1 0
github.com/dmtsa27/kachka.git/pkg/telegram/telegram.go:864.30,866.7 1 0
github.com/dmtsa27/kachka.git/pkg/telegram/telegram.go:867.6,867.28 1 0
github.com/dmtsa27/kachka.git/pkg/telegram/telegram.go:867.28,869.7 1 0
github.com/dmtsa27/kachka.git/pkg/telegram/telegram.go:871.5,871.36 1 0
github.com/dmtsa27/kachka.git/pkg/telegram/telegram.go:871.36,873.6 1 0
github.com/dmtsa27/kachka.git/pkg/telegram/telegram.go:876.4,878.18 3 0
github.com/dmtsa27/kachka.git/pkg/telegram/telegram.go:878.18,882.5 3 0
github.com/dmtsa27/kachka.git/pkg/telegram/telegram.go:884.4,884.15 1 0
github.com/dmtsa27/kachka.git/pkg/telegram/telegram.go:884.15,885.23 1 0
github.com/dmtsa27/kachka.git/pkg/telegram/telegram.go:885.23,887.6 1 0
github.com/dmtsa27/kachka.git/pkg/telegram/telegram.go:887.11,889.6 1 0
github.com/dmtsa27/kachka.git/pkg/telegram/telegram.go:890.10,892.5 1 0
github.com/dmtsa27/kachka.git/pkg/telegram/telegram.go:895.3,895.13 1 0
github.com/dmtsa27/kachka.git/pkg/telegram/telegram.go:896.53,898.3 1 0
github.com/dmtsa27/kachka.git/pkg/telegram/telegram.go:901.2,901.71 1 0
github.com/dmtsa27/kachka.git/pkg/telegram/telegram.go:901.71,903.22 2 0
github.com/dmtsa27/kachka.git/pkg/telegram/telegram.go:903.22,906.4 2 0
github.com/dmtsa27/kachka.git/pkg/telegram/telegram.go:908.3,910.23 3 0
github.com/dmtsa27/kachka.git/pkg/telegram/telegram.go:910.23,912.4 1 0
github.com/dmtsa27/kachka.git/pkg/telegram/telegram.go:914.3,914.17 1 0
github.com/dmtsa27/kachka.git/pkg/telegram/telegram.go:914.17,917.4 2 0
github.com/dmtsa27/kachka.git/pkg/telegram/telegram.go:920.3,922.17 3 0
github.com/dmtsa27/kachka.git/pkg/telegram/telegram.go:922.17,924.26 2 0
github.com/dmtsa27/kachka.git/pkg/telegram/telegram.go:924.26,926.5 1 0
github.com/dmtsa27/kachka.git/pkg/telegram/telegram.go:929.3,937.17 3 0
github.com/dmtsa27/kachka.git/pkg/telegram/telegram.go:937.17,941.4 3 0
github.com/dmtsa27/kachka.git/pkg/telegram/telegram.go:943.3,944.17 2 0
github.com/dmtsa27/kachka.git/pkg/telegram/telegram.go:944.17,948.4 3 0
github.com/dmtsa27/kachka.git/pkg/telegram/telegram.go:950.3,955.90 4 0
github.com/dmtsa27/kachka.git/pkg/telegram/telegram.go:955.90,964.8 6 0
github.com/dmtsa27/kachka.git/pkg/telegram/telegram.go:964.8,965.12 1 0
github.com/dmtsa27/kachka.git/pkg/telegram/telegram.go:966.20,967.16 1 0
github.com/dmtsa27/kachka.git/pkg/telegram/telegram.go:968.26,970.36 2 0
github.com/dmtsa27/kachka.git/pkg/telegram/telegram.go:970.36,971.31 1 0
github.com/dmtsa27/kachka.git/pkg/telegram/telegram.go:971.31,973.8 1 0
github.com/dmtsa27/kachka.git/pkg/telegram/telegram.go:974.7,974.29 1 0
github.com/dmtsa27/kachka.git/pkg/telegram/telegram.go:974.29,976.8 1 0
github.com/dmtsa27/kachka.git/pkg/telegram/telegram.go:978.6,978.16 1 0
github.com/dmtsa27/kachka.git/pkg/telegram/telegram.go:978.16,980.17 2 0
github.com/dmtsa27/kachka.git/pkg/telegram/telegram.go:982.6,982.26 1 0
github.com/dmtsa27/kachka.git/pkg/telegram/telegram.go:982.26,984.17 2 0
github.com/dmtsa27/kachka.git/pkg/telegram/telegram.go:989.4,993.18 2 0
github.com/dmtsa27/kachka.git/pkg/telegram/telegram.go:993.18,995.5 1 0
github.com/dmtsa27/kachka.git/pkg/telegram/telegram.go:997.4,997.36 1 0
github.com/dmtsa27/kachka.git/pkg/telegram/telegram.go:997.36,999.43 2 0
github.com/dmtsa27/kachka.git/pkg/telegram/telegram.go:999.43,1000.30 1 0
github.com/dmtsa27/kachka.git/pkg/telegram/telegram.go:1000.30,1002.7 1 0
github.com/dmtsa27/kachka.git/pkg/telegram/telegram.go:1003.6,1003.28 1 0
github.com/dmtsa27/kachka.git/pkg/telegram/telegram.go:1003.28,1005.7 1 0
github.com/dmtsa27/kachka.git/pkg/telegram/telegram.go:1007.5,1007.36 1 0
github.com/dmtsa27/kachka.git/pkg/telegram/telegram.go:1007.36,1009.6 1 0
github.com/dmtsa27/kachka.git/pkg/telegram/telegram.go:1012.4,1014.18 3 0
github.com/dmtsa27/kachka.git/pkg/telegram/telegram.go:1014.18,1018.5 3 0
github.com/dmtsa27/kachka.git/pkg/telegram/telegram.go:1020.4,1020.15 1 0
github.com/dmtsa27/kachka.git/pkg/telegram/telegram.go:1020.15,1022.5 1 0
github.com/dmtsa27/kachka.git/pkg/telegram/telegram.go:1022.10,1024.5 1 0
github.com/dmtsa27/kachka.git/pkg/telegram/telegram.go:1027.3,1027.13 1 0
github.com/dmtsa27/kachka.git/pkg/telegram/telegram.go:1031.2,1031.71 1 0
github.com/dmtsa27/kachka.git/pkg/telegram/telegram.go:1031.71,1033.17 2 0
github.com/dmtsa27/kachka.git/pkg/telegram/telegram.go:1033.17,1037.4 3 0
github.com/dmtsa27/kachka.git/pkg/telegram/telegram.go:1039.3,1039.22 1 0
github.com/dmtsa27/kachka.git/pkg/telegram/telegram.go:1039.22,1042.4 2 0
github.com/dmtsa27/kachka.git/pkg/telegram/telegram.go:1044.3,1045.27 2 0
github.com/dmtsa27/kachka.git/pkg/telegram/telegram.go:1045.27,1047.19 2 0
github.com/dmtsa27/kachka.git/pkg/telegram/telegram.go:1047.19,1049.5 1 0
github.com/dmtsa27/kachka.git/pkg/telegram/telegram.go:1050.4,1050.86 1 0
github.com/dmtsa27/kachka.git/pkg/telegram/telegram.go:1053.3,1054.13 2 0
github.com/dmtsa27/kachka.git/pkg/service/bootstrap_service.go:18.154,20.2 1 1
github.com/dmtsa27/kachka.git/pkg/service/bootstrap_service.go:22.127,24.2 1 1
github.com/dmtsa27/kachka.git/pkg/service/bootstrap_service.go:26.104,28.2 1 1
github.com/dmtsa27/kachka.git/pkg/service/bootstrap_service.go:30.206,31.68 1 1
github.com/dmtsa27/kachka.git/pkg/service/bootstrap_service.go:31.68,33.3 1 0
github.com/dmtsa27/kachka.git/pkg/service/bootstrap_service.go:35.2,35.77 1 1
github.com/dmtsa27/kachka.git/pkg/service/bootstrap_service.go:35.77,37.3 1 0
github.com/dmtsa27/kachka.git/pkg/service/bootstrap_service.go:39.2,39.100 1 1
github.com/dmtsa27/kachka.git/pkg/service/bootstrap_service.go:39.100,41.3 1 0
github.com/dmtsa27/kachka.git/pkg/service/bootstrap_service.go:43.2,43.35 1 1
github.com/dmtsa27/kachka.git/pkg/service/bootstrap_service.go:43.35,45.17 2 1
github.com/dmtsa27/kachka.git/pkg/service/bootstrap_service.go:45.17,47.4 1 0
github.com/dmtsa27/kachka.git/pkg/service/bootstrap_service.go:48.3,48.31 1 1
github.com/dmtsa27/kachka.git/pkg/service/bootstrap_service.go:51.2,52.16 2 1
github.com/dmtsa27/kachka.git/pkg/service/bootstrap_service.go:52.16,53.36 1 1
github.com/dmtsa27/kachka.git/pkg/service/bootstrap_service.go:53.36,55.4 1 1
github.com/dmtsa27/kachka.git/pkg/service/bootstrap_service.go:56.3,56.38 1 0
github.com/dmtsa27/kachka.git/pkg/service/bootstrap_service.go:59.2,59.45 1 1
github.com/dmtsa27/kachka.git/pkg/service/bootstrap_service.go:59.45,61.3 1 1
github.com/dmtsa27/kachka.git/pkg/service/bootstrap_service.go:63.2,64.16 2 1
github.com/dmtsa27/kachka.git/pkg/service/bootstrap_service.go:64.16,66.3 1 0
github.com/dmtsa27/kachka.git/pkg/service/bootstrap_service.go:68.2,68.39 1 1
github.com/dmtsa27/kachka.git/pkg/service/bootstrap_service.go:71.102,73.16 2 1
github.com/dmtsa27/kachka.git/pkg/service/bootstrap_service.go:73.16,74.36 1 1
github.com/dmtsa27/kachka.git/pkg/service/bootstrap_service.go:74.36,76.4 1 1
github.com/dmtsa27/kachka.git/pkg/service/bootstrap_service.go:77.3,77.20 1 0
github.com/dmtsa27/kachka.git/pkg/service/bootstrap_service.go:80.2,80.50 1 1
github.com/dmtsa27/kachka.git/pkg/service/bootstrap_service.go:80.50,82.3 1 1
github.com/dmtsa27/kachka.git/pkg/service/bootstrap_service.go:84.2,84.38 1 1
github.com/dmtsa27/kachka.git/pkg/service/bootstrap_service.go:84.38,86.3 1 1
github.com/dmtsa27/kachka.git/pkg/service/bootstrap_service.go:88.2,89.16 2 1
github.com/dmtsa27/kachka.git/pkg/service/bootstrap_service.go:89.16,91.3 1 0
github.com/dmtsa27/kachka.git/pkg/service/bootstrap_service.go:93.2,93.48 1 1
github.com/dmtsa27/kachka.git/pkg/service/bootstrap_service.go:93.48,95.3 1 1
github.com/dmtsa27/kachka.git/pkg/service/bootstrap_service.go:97.2,98.16 2 1
github.com/dmtsa27/kachka.git/pkg/service/bootstrap_service.go:98.16,100.3 1 0
github.com/dmtsa27/kachka.git/pkg/service/bootstrap_service.go:101.2,101.13 1 1
github.com/dmtsa27/kachka.git/pkg/service/bootstrap_service.go:101.13,103.3 1 0
github.com/dmtsa27/kachka.git/pkg/service/bootstrap_service.go:105.2,111.17 1 1
github.com/dmtsa27/kachka.git/pkg/service/bootstrap_service.go:111.17,113.3 1 0
github.com/dmtsa27/kachka.git/pkg/service/bootstrap_service.go:115.2,115.18 1 1
github.com/dmtsa27/kachka.git/pkg/service/bootstrap_service.go:118.128,120.16 2 1
github.com/dmtsa27/kachka.git/pkg/service/bootstrap_service.go:120.16,122.3 1 0
github.com/dmtsa27/kachka.git/pkg/service/bootstrap_service.go:125.2,125.60 1 1
github.com/dmtsa27/kachka.git/pkg/service/bootstrap_service.go:125.60,127.3 1 1
github.com/dmtsa27/kachka.git/pkg/service/bootstrap_service.go:129.2,129.98 1 1
github.com/dmtsa27/kachka.git/pkg/service/bootstrap_service.go:132.109,134.16 2 1
github.com/dmtsa27/kachka.git/pkg/service/bootstrap_service.go:134.16,136.3 1 1
github.com/dmtsa27/kachka.git/pkg/service/bootstrap_service.go:137.2,137.36 1 1
github.com/dmtsa27/kachka.git/pkg/service/bootstrap_service.go:137.36,139.3 1 0
github.com/dmtsa27/kachka.git/pkg/service/bootstrap_service.go:142.2,143.16 2 1
github.com/dmtsa27/kachka.git/pkg/service/bootstrap_service.go:143.16,145.3 1 1
github.com/dmtsa27/kachka.git/pkg/service/bootstrap_service.go:148.2,155.8 1 0
github.com/dmtsa27/kachka.git/pkg/service/bootstrap_service.go:158.57,159.31 1 1
github.com/dmtsa27/kachka.git/pkg/service/bootstrap_service.go:159.31,160.22 1 1
github.com/dmtsa27/kachka.git/pkg/service/bootstrap_service.go:160.22,162.4 1 1
github.com/dmtsa27/kachka.git/pkg/service/bootstrap_service.go:164.2,164.14 1 1
github.com/dmtsa27/kachka.git/pkg/service/challenge_service.go:18.115,25.2 1 1
github.com/dmtsa27/kachka.git/pkg/service/challenge_service.go:28.96,30.2 1 1
github.com/dmtsa27/kachka.git/pkg/service/challenge_service.go:33.106,35.2 1 1
github.com/dmtsa27/kachka.git/pkg/service/challenge_service.go:37.99,39.2 1 1
github.com/dmtsa27/kachka.git/pkg/service/challenge_service.go:41.88,43.2 1 1
github.com/dmtsa27/kachka.git/pkg/service/challenge_service.go:45.94,47.16 2 1
github.com/dmtsa27/kachka.git/pkg/service/challenge_service.go:47.16,49.3 1 0
github.com/dmtsa27/kachka.git/pkg/service/challenge_service.go:50.2,50.24 1 1
github.com/dmtsa27/kachka.git/pkg/service/challenge_service.go:53.42,59.16 4 1
github.com/dmtsa27/kachka.git/pkg/service/challenge_service.go:59.16,61.3 1 0
github.com/dmtsa27/kachka.git/pkg/service/challenge_service.go:62.2,62.33 1 1
github.com/dmtsa27/kachka.git/pkg/service/challenge_service.go:65.109,72.16 3 1
github.com/dmtsa27/kachka.git/pkg/service/challenge_service.go:72.16,74.3 1 0
github.com/dmtsa27/kachka.git/pkg/service/challenge_service.go:76.2,78.32 3 1
github.com/dmtsa27/kachka.git/pkg/service/challenge_service.go:78.32,79.39 1 1
github.com/dmtsa27/kachka.git/pkg/service/challenge_service.go:79.39,82.4 2 1
github.com/dmtsa27/kachka.git/pkg/service/challenge_service.go:85.2,85.24 1 1
github.com/dmtsa27/kachka.git/pkg/service/challenge_service.go:85.24,86.70 1 1
github.com/dmtsa27/kachka.git/pkg/service/challenge_service.go:86.70,88.4 1 0
github.com/dmtsa27/kachka.git/pkg/service/challenge_service.go:91.2,91.20 1 1
github.com/dmtsa27/kachka.git/pkg/service/challenge_service.go:94.92,96.2 1 1
github.com/dmtsa27/kachka.git/pkg/service/challenge_service.go:98.91,100.2 1 1
github.com/dmtsa27/kachka.git/pkg/service/challenge_service.go:102.122,104.16 2 1
github.com/dmtsa27/kachka.git/pkg/service/challenge_service.go:104.16,106.3 1 0
github.com/dmtsa27/kachka.git/pkg/service/challenge_service.go:108.2,108.60 1 1
github.com/dmtsa27/kachka.git/pkg/service/challenge_service.go:111.100,113.16 2 1
github.com/dmtsa27/kachka.git/pkg/service/challenge_service.go:113.16,115.3 1 0
github.com/dmtsa27/kachka.git/pkg/service/challenge_service.go:117.2,118.56 2 1
github.com/dmtsa27/kachka.git/pkg/service/circle_service.go:20.122,21.49 1 1
github.com/dmtsa27/kachka.git/pkg/service/circle_service.go:21.49,23.3 1 1
github.com/dmtsa27/kachka.git/pkg/service/circle_service.go:25.2,26.16 2 1
github.com/dmtsa27/kachka.git/pkg/service/circle_service.go:26.16,28.3 1 0
github.com/dmtsa27/kachka.git/pkg/service/circle_service.go:29.2,29.19 1 1
github.com/dmtsa27/kachka.git/pkg/service/circle_service.go:29.19,31.3 1 1
github.com/dmtsa27/kachka.git/pkg/service/circle_service.go:33.2,34.16 2 1
github.com/dmtsa27/kachka.git/pkg/service/circle_service.go:34.16,36.3 1 0
github.com/dmtsa27/kachka.git/pkg/service/circle_service.go:37.2,37.13 1 1
github.com/dmtsa27/kachka.git/pkg/service/circle_service.go:37.13,39.3 1 1
github.com/dmtsa27/kachka.git/pkg/service/circle_service.go:41.2,42.16 2 1
github.com/dmtsa27/kachka.git/pkg/service/circle_service.go:42.16,44.3 1 0
github.com/dmtsa27/kachka.git/pkg/service/circle_service.go:45.2,45.16 1 1
github.com/dmtsa27/kachka.git/pkg/service/circle_service.go:45.16,47.3 1 0
github.com/dmtsa27/kachka.git/pkg/service/circle_service.go:49.2,49.57 1 1
github.com/dmtsa27/kachka.git/pkg/service/circle_service.go:52.96,54.16 2 1
github.com/dmtsa27/kachka.git/pkg/service/circle_service.go:54.16,56.3 1 0
github.com/dmtsa27/kachka.git/pkg/service/circle_service.go:58.2,58.22 1 1
github.com/dmtsa27/kachka.git/pkg/service/circle_service.go:61.110,63.16 2 1
github.com/dmtsa27/kachka.git/pkg/service/circle_service.go:63.16,65.3 1 0
github.com/dmtsa27/kachka.git/pkg/service/circle_service.go:66.2,66.17 1 1
github.com/dmtsa27/kachka.git/pkg/service/circle_service.go:66.17,68.24 2 1
github.com/dmtsa27/kachka.git/pkg/service/circle_service.go:68.24,70.18 2 1
github.com/dmtsa27/kachka.git/pkg/service/circle_service.go:70.18,72.5 1 1
github.com/dmtsa27/kachka.git/pkg/service/circle_service.go:74.3,74.77 1 1
github.com/dmtsa27/kachka.git/pkg/service/circle_service.go:74.77,76.4 1 0
github.com/dmtsa27/kachka.git/pkg/service/circle_service.go:77.3,77.13 1 1
github.com/dmtsa27/kachka.git/pkg/service/circle_service.go:80.2,80.72 1 1
github.com/dmtsa27/kachka.git/pkg/service/circle_service.go:80.72,82.3 1 0
github.com/dmtsa27/kachka.git/pkg/service/circle_service.go:84.2,85.16 2 1
github.com/dmtsa27/kachka.git/pkg/service/circle_service.go:85.16,87.3 1 0
github.com/dmtsa27/kachka.git/pkg/service/circle_service.go:89.2,89.35 1 1
github.com/dmtsa27/kachka.git/pkg/service/circle_service.go:89.35,91.24 2 1
github.com/dmtsa27/kachka.git/pkg/service/circle_service.go:91.24,93.18 2 1
github.com/dmtsa27/kachka.git/pkg/service/circle_service.go:93.18,95.5 1 1
github.com/dmtsa27/kachka.git/pkg/service/circle_service.go:98.3,103.18 1 1
github.com/dmtsa27/kachka.git/pkg/service/circle_service.go:103.18,105.4 1 0
github.com/dmtsa27/kachka.git/pkg/service/circle_service.go:108.2,108.12 1 1
github.com/dmtsa27/kachka.git/pkg/service/circle_service.go:111.72,113.2 1 1
github.com/dmtsa27/kachka.git/pkg/service/circle_service.go:115.89,117.2 1 1
github.com/dmtsa27/kachka.git/pkg/service/moderation_service.go:25.133,28.16 2 1
github.com/dmtsa27/kachka.git/pkg/service/moderation_service.go:28.16,29.35 1 1
github.com/dmtsa27/kachka.git/pkg/service/moderation_service.go:29.35,31.4 1 1
github.com/dmtsa27/kachka.git/pkg/service/moderation_service.go:33.3,33.54 1 1
github.com/dmtsa27/kachka.git/pkg/service/moderation_service.go:33.54,35.4 1 1
github.com/dmtsa27/kachka.git/pkg/service/moderation_service.go:37.3,38.17 2 1
github.com/dmtsa27/kachka.git/pkg/service/moderation_service.go:38.17,40.4 1 0
github.com/dmtsa27/kachka.git/pkg/service/moderation_service.go:41.3,41.34 1 1
github.com/dmtsa27/kachka.git/pkg/service/moderation_service.go:45.2,46.16 2 1
github.com/dmtsa27/kachka.git/pkg/service/moderation_service.go:46.16,47.35 1 1
github.com/dmtsa27/kachka.git/pkg/service/moderation_service.go:47.35,49.4 1 0
github.com/dmtsa27/kachka.git/pkg/service/moderation_service.go:50.3,50.52 1 1
github.com/dmtsa27/kachka.git/pkg/service/moderation_service.go:50.52,52.4 1 0
github.com/dmtsa27/kachka.git/pkg/service/moderation_service.go:54.3,55.17 2 1
github.com/dmtsa27/kachka.git/pkg/service/moderation_service.go:55.17,57.4 1 0
github.com/dmtsa27/kachka.git/pkg/service/moderation_service.go:58.3,58.35 1 1
github.com/dmtsa27/kachka.git/pkg/service/moderation_service.go:61.2,61.93 1 0
github.com/dmtsa27/kachka.git/pkg/service/moderation_service.go:64.126,66.2 1 1
github.com/dmtsa27/kachka.git/pkg/service/moderation_service.go:68.122,70.16 2 1
github.com/dmtsa27/kachka.git/pkg/service/moderation_service.go:70.16,72.3 1 0
github.com/dmtsa27/kachka.git/pkg/service/moderation_service.go:74.2,74.72 1 1
github.com/dmtsa27/kachka.git/pkg/service/moderation_service.go:74.72,76.3 1 1
github.com/dmtsa27/kachka.git/pkg/service/moderation_service.go:78.2,78.53 1 1
github.com/dmtsa27/kachka.git/pkg/service/moderation_service.go:78.53,80.3 1 1
github.com/dmtsa27/kachka.git/pkg/service/moderation_service.go:82.2,82.74 1 1
github.com/dmtsa27/kachka.git/pkg/service/moderation_service.go:85.156,87.16 2 1
github.com/dmtsa27/kachka.git/pkg/service/moderation_service.go:87.16,89.3 1 0
github.com/dmtsa27/kachka.git/pkg/service/moderation_service.go:91.2,91.33 1 1
github.com/dmtsa27/kachka.git/pkg/service/moderation_service.go:91.33,93.3 1 1
github.com/dmtsa27/kachka.git/pkg/service/moderation_service.go:95.2,106.38 2 1
github.com/dmtsa27/kachka.git/pkg/service/moderation_service.go:109.151,111.16 2 1
github.com/dmtsa27/kachka.git/pkg/service/moderation_service.go:111.16,113.3 1 0
github.com/dmtsa27/kachka.git/pkg/service/moderation_service.go:115.2,126.38 2 1
github.com/dmtsa27/kachka.git/pkg/service/moderation_service.go:129.109,131.16 2 1
github.com/dmtsa27/kachka.git/pkg/service/moderation_service.go:131.16,133.3 1 0
github.com/dmtsa27/kachka.git/pkg/service/moderation_service.go:135.2,135.22 1 1
github.com/dmtsa27/kachka.git/pkg/service/moderation_service.go:135.22,137.3 1 1
github.com/dmtsa27/kachka.git/pkg/service/moderation_service.go:139.2,139.67 1 1
github.com/dmtsa27/kachka.git/pkg/service/moderation_service.go:139.67,141.3 1 0
github.com/dmtsa27/kachka.git/pkg/service/moderation_service.go:143.2,143.13 1 1
github.com/dmtsa27/kachka.git/pkg/service/moderation_service.go:143.13,144.25 1 1
github.com/dmtsa27/kachka.git/pkg/service/moderation_service.go:144.25,146.4 1 1
github.com/dmtsa27/kachka.git/pkg/service/moderation_service.go:147.3,147.87 1 1
github.com/dmtsa27/kachka.git/pkg/service/moderation_service.go:150.2,150.15 1 1
github.com/dmtsa27/kachka.git/pkg/service/moderation_service.go:153.124,155.2 1 1
github.com/dmtsa27/kachka.git/pkg/service/moderation_service.go:157.107,159.2 1 1
github.com/dmtsa27/kachka.git/pkg/service/service.go:111.27,116.2 1 1
github.com/dmtsa27/kachka.git/pkg/service/service.go:120.16,120.41 1 0
github.com/dmtsa27/kachka.git/pkg/service/service.go:121.45,123.4 1 0
github.com/dmtsa27/kachka.git/pkg/service/service.go:216.30,255.2 7 1
github.com/dmtsa27/kachka.git/pkg/service/service.go:257.92,259.2 1 1
github.com/dmtsa27/kachka.git/pkg/service/service.go:261.123,263.2 1 1
github.com/dmtsa27/kachka.git/pkg/service/service.go:265.112,267.2 1 1
github.com/dmtsa27/kachka.git/pkg/service/service.go:269.146,271.2 1 1
github.com/dmtsa27/kachka.git/pkg/service/service.go:273.141,275.2 1 1
github.com/dmtsa27/kachka.git/pkg/service/service.go:277.99,279.2 1 1
github.com/dmtsa27/kachka.git/pkg/service/service.go:281.114,283.2 1 1
github.com/dmtsa27/kachka.git/pkg/service/service.go:285.36,286.37 1 1
github.com/dmtsa27/kachka.git/pkg/service/service.go:286.37,288.3 1 1
github.com/dmtsa27/kachka.git/pkg/service/service.go:289.2,289.23 1 1
github.com/dmtsa27/kachka.git/pkg/service/service.go:289.23,291.3 1 1
github.com/dmtsa27/kachka.git/pkg/service/service.go:292.2,292.10 1 1
github.com/dmtsa27/kachka.git/pkg/service/service.go:295.94,297.2 1 0
github.com/dmtsa27/kachka.git/pkg/service/service.go:299.89,301.2 1 1
github.com/dmtsa27/kachka.git/pkg/service/service.go:303.75,305.2 1 1
github.com/dmtsa27/kachka.git/pkg/service/service.go:307.75,309.2 1 1
github.com/dmtsa27/kachka.git/pkg/service/service.go:311.81,313.2 1 1
github.com/dmtsa27/kachka.git/pkg/service/service.go:315.116,317.2 1 1
github.com/dmtsa27/kachka.git/pkg/service/service.go:319.83,321.2 1 1
github.com/dmtsa27/kachka.git/pkg/service/service.go:324.106,326.2 1 1
github.com/dmtsa27/kachka.git/pkg/service/service.go:329.87,331.2 1 1
github.com/dmtsa27/kachka.git/pkg/service/service.go:334.85,336.2 1 1
github.com/dmtsa27/kachka.git/pkg/service/service.go:338.97,340.2 1 1
github.com/dmtsa27/kachka.git/pkg/service/service.go:342.90,344.2 1 1
github.com/dmtsa27/kachka.git/pkg/service/service.go:346.79,348.2 1 1
github.com/dmtsa27/kachka.git/pkg/service/service.go:350.100,352.2 1 1
github.com/dmtsa27/kachka.git/pkg/service/service.go:354.83,356.2 1 1
github.com/dmtsa27/kachka.git/pkg/service/service.go:358.82,360.2 1 1
github.com/dmtsa27/kachka.git/pkg/service/service.go:362.113,364.2 1 1
github.com/dmtsa27/kachka.git/pkg/service/service.go:366.145,368.2 1 1
github.com/dmtsa27/kachka.git/pkg/service/service.go:370.118,372.2 1 1
github.com/dmtsa27/kachka.git/pkg/service/service.go:374.95,376.2 1 1
github.com/dmtsa27/kachka.git/pkg/service/service.go:378.197,380.2 1 1
github.com/dmtsa27/kachka.git/pkg/service/service.go:382.93,384.2 1 1
github.com/dmtsa27/kachka.git/pkg/service/service.go:386.128,388.2 1 1
github.com/dmtsa27/kachka.git/pkg/service/service.go:390.109,392.2 1 1
github.com/dmtsa27/kachka.git/pkg/service/service.go:394.36,396.2 1 1
github.com/dmtsa27/kachka.git/pkg/service/service.go:398.91,400.2 1 1
github.com/dmtsa27/kachka.git/pkg/service/service.go:402.97,404.2 1 1
github.com/dmtsa27/kachka.git/pkg/service/user_service.go:16.98,22.2 1 1
github.com/dmtsa27/kachka.git/pkg/service/user_service.go:24.93,26.2 1 1
github.com/dmtsa27/kachka.git/pkg/service/user_service.go:28.79,30.2 1 1
github.com/dmtsa27/kachka.git/pkg/service/user_service.go:32.79,34.2 1 1
github.com/dmtsa27/kachka.git/pkg/service/user_service.go:36.85,38.16 2 1
github.com/dmtsa27/kachka.git/pkg/service/user_service.go:38.16,39.36 1 1
github.com/dmtsa27/kachka.git/pkg/service/user_service.go:39.36,41.4 1 1
github.com/dmtsa27/kachka.git/pkg/service/user_service.go:42.3,42.49 1 1
github.com/dmtsa27/kachka.git/pkg/service/user_service.go:44.2,44.27 1 1
github.com/dmtsa27/kachka.git/pkg/service/user_service.go:47.96,49.2 1 1
github.com/dmtsa27/kachka.git/pkg/service/user_service.go:51.85,53.2 1 1
github.com/dmtsa27/kachka.git/pkg/api/server.go:22.36,24.46 1 0
github.com/dmtsa27/kachka.git/pkg/api/server.go:24.46,26.6 1 0
github.com/dmtsa27/kachka.git/pkg/api/server.go:37.46,45.2 4 1
github.com/dmtsa27/kachka.git/pkg/api/server.go:47.35,52.2 4 1
github.com/dmtsa27/kachka.git/pkg/api/server.go:52.2,68.3 10 1
github.com/dmtsa27/kachka.git/pkg/api/server.go:78.48,83.16 5 1
github.com/dmtsa27/kachka.git/pkg/api/server.go:83.16,86.3 2 0
github.com/dmtsa27/kachka.git/pkg/api/server.go:87.2,87.29 1 1
github.com/dmtsa27/kachka.git/pkg/api/server.go:98.51,100.48 2 1
github.com/dmtsa27/kachka.git/pkg/api/server.go:100.48,103.3 2 0
github.com/dmtsa27/kachka.git/pkg/api/server.go:104.2,104.100 1 1
github.com/dmtsa27/kachka.git/pkg/api/server.go:104.100,107.3 2 0
github.com/dmtsa27/kachka.git/pkg/api/server.go:108.2,108.34 1 1
github.com/dmtsa27/kachka.git/pkg/api/server.go:120.51,125.48 5 1
github.com/dmtsa27/kachka.git/pkg/api/server.go:125.48,128.3 2 0
github.com/dmtsa27/kachka.git/pkg/api/server.go:129.2,130.72 2 1
github.com/dmtsa27/kachka.git/pkg/api/server.go:130.72,133.3 2 0
github.com/dmtsa27/kachka.git/pkg/api/server.go:134.2,134.29 1 1
github.com/dmtsa27/kachka.git/pkg/api/server.go:143.51,147.70 4 1
github.com/dmtsa27/kachka.git/pkg/api/server.go:147.70,150.3 2 0
github.com/dmtsa27/kachka.git/pkg/api/server.go:151.2,151.32 1 1
github.com/dmtsa27/kachka.git/pkg/api/server.go:160.54,162.16 2 1
github.com/dmtsa27/kachka.git/pkg/api/server.go:162.16,165.3 2 0
github.com/dmtsa27/kachka.git/pkg/api/server.go:166.2,166.35 1 1
github.com/dmtsa27/kachka.git/pkg/api/server.go:176.53,181.16 5 1
github.com/dmtsa27/kachka.git/pkg/api/server.go:181.16,184.3 2 0
github.com/dmtsa27/kachka.git/pkg/api/server.go:185.2,185.27 1 1
github.com/dmtsa27/kachka.git/pkg/api/server.go:194.56,198.75 4 0
github.com/dmtsa27/kachka.git/pkg/api/server.go:198.75,201.3 2 0
github.com/dmtsa27/kachka.git/pkg/api/server.go:202.2,202.32 1 0
github.com/dmtsa27/kachka.git/pkg/api/server.go:211.49,213.16 2 0
github.com/dmtsa27/kachka.git/pkg/api/server.go:213.16,216.3 2 0
github.com/dmtsa27/kachka.git/pkg/api/server.go:217.2,217.30 1 0
github.com/dmtsa27/kachka.git/pkg/api/server.go:226.45,228.2 1 1
github.com/dmtsa27/kachka.git/pkg/api/server.go:237.49,243.16 5 0
github.com/dmtsa27/kachka.git/pkg/api/server.go:243.16,246.3 2 0
github.com/dmtsa27/kachka.git/pkg/api/server.go:247.2,247.30 1 0
github.com/dmtsa27/kachka.git/pkg/api/server.go:264.51,266.47 2 1
github.com/dmtsa27/kachka.git/pkg/api/server.go:266.47,269.3 2 0
github.com/dmtsa27/kachka.git/pkg/api/server.go:271.2,272.16 2 1
github.com/dmtsa27/kachka.git/pkg/api/server.go:272.16,275.3 2 0
github.com/dmtsa27/kachka.git/pkg/api/server.go:277.2,277.85 1 1
github.com/dmtsa27/kachka.git/pkg/api/server.go:280.49,286.12 2 0
github.com/dmtsa27/kachka.git/pkg/api/server.go:286.12,288.80 2 0
github.com/dmtsa27/kachka.git/pkg/api/server.go:288.80,290.4 1 0
github.com/dmtsa27/kachka.git/pkg/api/server.go:293.2,293.12 1 0
github.com/dmtsa27/kachka.git/pkg/storage/challenges.go:8.83,10.16 2 1
github.com/dmtsa27/kachka.git/pkg/storage/challenges.go:10.16,12.3 1 0
github.com/dmtsa27/kachka.git/pkg/storage/challenges.go:13.2,16.16 3 1
github.com/dmtsa27/kachka.git/pkg/storage/challenges.go:16.16,18.3 1 0
github.com/dmtsa27/kachka.git/pkg/storage/challenges.go:20.2,29.16 2 1
github.com/dmtsa27/kachka.git/pkg/storage/challenges.go:29.16,31.3 1 0
github.com/dmtsa27/kachka.git/pkg/storage/challenges.go:33.2,33.20 1 1
github.com/dmtsa27/kachka.git/pkg/storage/challenges.go:36.93,42.16 3 1
github.com/dmtsa27/kachka.git/pkg/storage/challenges.go:42.16,44.3 1 0
github.com/dmtsa27/kachka.git/pkg/storage/challenges.go:46.2,46.20 1 1
github.com/dmtsa27/kachka.git/pkg/storage/challenges.go:49.90,63.16 4 0
github.com/dmtsa27/kachka.git/pkg/storage/challenges.go:63.16,65.3 1 0
github.com/dmtsa27/kachka.git/pkg/storage/challenges.go:67.2,67.24 1 0
github.com/dmtsa27/kachka.git/pkg/storage/challenges.go:70.83,83.2 3 0
github.com/dmtsa27/kachka.git/pkg/storage/challenges.go:85.79,101.16 4 1
github.com/dmtsa27/kachka.git/pkg/storage/challenges.go:101.16,103.3 1 0
github.com/dmtsa27/kachka.git/pkg/storage/challenges.go:105.2,105.24 1 1
github.com/dmtsa27/kachka.git/pkg/storage/challenges.go:108.99,124.16 4 0
github.com/dmtsa27/kachka.git/pkg/storage/challenges.go:124.16,126.3 1 0
github.com/dmtsa27/kachka.git/pkg/storage/challenges.go:128.2,128.24 1 0
github.com/dmtsa27/kachka.git/pkg/storage/challenges.go:131.84,136.16 3 0
github.com/dmtsa27/kachka.git/pkg/storage/challenges.go:136.16,138.3 1 0
github.com/dmtsa27/kachka.git/pkg/storage/challenges.go:139.2,142.18 3 0
github.com/dmtsa27/kachka.git/pkg/storage/challenges.go:142.18,155.17 3 0
github.com/dmtsa27/kachka.git/pkg/storage/challenges.go:155.17,157.4 1 0
github.com/dmtsa27/kachka.git/pkg/storage/challenges.go:158.3,158.45 1 0
github.com/dmtsa27/kachka.git/pkg/storage/challenges.go:161.2,161.31 1 0
github.com/dmtsa27/kachka.git/pkg/storage/challenges.go:164.83,168.2 3 0
github.com/dmtsa27/kachka.git/pkg/storage/challenges.go:170.82,174.2 3 0
github.com/dmtsa27/kachka.git/pkg/storage/challenges.go:178.79,182.2 3 0
github.com/dmtsa27/kachka.git/pkg/storage/challenges.go:184.87,186.16 2 0
github.com/dmtsa27/kachka.git/pkg/storage/challenges.go:186.16,188.3 1 0
github.com/dmtsa27/kachka.git/pkg/storage/challenges.go:189.2,192.117 2 0
github.com/dmtsa27/kachka.git/pkg/storage/challenges.go:192.117,194.3 1 0
github.com/dmtsa27/kachka.git/pkg/storage/challenges.go:197.2,197.109 1 0
github.com/dmtsa27/kachka.git/pkg/storage/challenges.go:197.109,199.3 1 0
github.com/dmtsa27/kachka.git/pkg/storage/challenges.go:202.2,202.107 1 0
github.com/dmtsa27/kachka.git/pkg/storage/challenges.go:202.107,204.3 1 0
github.com/dmtsa27/kachka.git/pkg/storage/challenges.go:207.2,207.102 1 0
github.com/dmtsa27/kachka.git/pkg/storage/challenges.go:207.102,209.3 1 0
github.com/dmtsa27/kachka.git/pkg/storage/challenges.go:211.2,211.20 1 0
github.com/dmtsa27/kachka.git/pkg/storage/challenges.go:214.86,221.16 3 0
github.com/dmtsa27/kachka.git/pkg/storage/challenges.go:221.16,223.3 1 0
github.com/dmtsa27/kachka.git/pkg/storage/challenges.go:225.2,226.16 2 0
github.com/dmtsa27/kachka.git/pkg/storage/challenges.go:226.16,228.3 1 0
github.com/dmtsa27/kachka.git/pkg/storage/challenges.go:230.2,230.15 1 0
github.com/dmtsa27/kachka.git/pkg/storage/challenges.go:230.15,232.3 1 0
github.com/dmtsa27/kachka.git/pkg/storage/challenges.go:234.2,234.12 1 0
github.com/dmtsa27/kachka.git/pkg/storage/postgres.go:19.43,22.18 3 0
github.com/dmtsa27/kachka.git/pkg/storage/postgres.go:22.18,24.5 1 0
github.com/dmtsa27/kachka.git/pkg/storage/postgres.go:25.4,26.45 1 0
github.com/dmtsa27/kachka.git/pkg/storage/postgres.go:26.45,28.6 1 0
github.com/dmtsa27/kachka.git/pkg/storage/postgres.go:30.4,30.17 1 0
github.com/dmtsa27/kachka.git/pkg/storage/postgres.go:32.43,32.55 1 0
github.com/dmtsa27/kachka.git/pkg/storage/postgres.go:33.46,33.58 1 0
github.com/dmtsa27/kachka.git/pkg/storage/postgres.go:34.46,34.58 1 0
github.com/dmtsa27/kachka.git/pkg/storage/postgres.go:35.48,35.60 1 0
github.com/dmtsa27/kachka.git/pkg/storage/postgres.go:36.48,36.60 1 0
github.com/dmtsa27/kachka.git/pkg/storage/postgres.go:37.49,37.61 1 0
github.com/dmtsa27/kachka.git/pkg/storage/postgres.go:38.43,38.55 1 0
github.com/dmtsa27/kachka.git/pkg/storage/postgres.go:42.75,44.16 2 0
github.com/dmtsa27/kachka.git/pkg/storage/postgres.go:44.16,46.3 1 0
github.com/dmtsa27/kachka.git/pkg/storage/postgres.go:47.2,47.36 1 0
github.com/dmtsa27/kachka.git/pkg/storage/postgres.go:47.36,49.3 1 0
github.com/dmtsa27/kachka.git/pkg/storage/postgres.go:50.2,50.32 1 0
github.com/dmtsa27/kachka.git/pkg/storage/postgres.go:53.33,55.2 1 0
github.com/dmtsa27/kachka.git/pkg/storage/reactions_bootstrap.go:5.145,19.2 2 0
github.com/dmtsa27/kachka.git/pkg/storage/reactions_bootstrap.go:21.105,39.16 3 0
github.com/dmtsa27/kachka.git/pkg/storage/reactions_bootstrap.go:39.16,41.3 1 0
github.com/dmtsa27/kachka.git/pkg/storage/reactions_bootstrap.go:42.2,42.20 1 0
github.com/dmtsa27/kachka.git/pkg/storage/reactions_bootstrap.go:45.95,52.2 2 0
github.com/dmtsa27/kachka.git/pkg/storage/reactions_bootstrap.go:54.89,60.16 2 0
github.com/dmtsa27/kachka.git/pkg/storage/reactions_bootstrap.go:60.16,62.3 1 0
github.com/dmtsa27/kachka.git/pkg/storage/reactions_bootstrap.go:63.2,64.16 2 0
github.com/dmtsa27/kachka.git/pkg/storage/reactions_bootstrap.go:64.16,66.3 1 0
github.com/dmtsa27/kachka.git/pkg/storage/reactions_bootstrap.go:67.2,67.22 1 0
github.com/dmtsa27/kachka.git/pkg/storage/reactions_bootstrap.go:70.137,77.2 2 0
github.com/dmtsa27/kachka.git/pkg/storage/reactions_bootstrap.go:79.118,90.2 2 0
github.com/dmtsa27/kachka.git/pkg/storage/reactions_bootstrap.go:92.130,94.16 2 0
github.com/dmtsa27/kachka.git/pkg/storage/reactions_bootstrap.go:94.16,96.3 1 0
github.com/dmtsa27/kachka.git/pkg/storage/reactions_bootstrap.go:97.2,102.44 2 0
github.com/dmtsa27/kachka.git/pkg/storage/reactions_bootstrap.go:102.44,104.3 1 0
github.com/dmtsa27/kachka.git/pkg/storage/reactions_bootstrap.go:106.2,107.31 2 0
github.com/dmtsa27/kachka.git/pkg/storage/reactions_bootstrap.go:107.31,108.18 1 0
github.com/dmtsa27/kachka.git/pkg/storage/reactions_bootstrap.go:108.18,109.12 1 0
github.com/dmtsa27/kachka.git/pkg/storage/reactions_bootstrap.go:111.3,111.31 1 0
github.com/dmtsa27/kachka.git/pkg/storage/reactions_bootstrap.go:111.31,112.12 1 0
github.com/dmtsa27/kachka.git/pkg/storage/reactions_bootstrap.go:114.3,119.52 2 0
github.com/dmtsa27/kachka.git/pkg/storage/reactions_bootstrap.go:119.52,121.4 1 0
github.com/dmtsa27/kachka.git/pkg/storage/reactions_bootstrap.go:124.2,124.20 1 0
github.com/dmtsa27/kachka.git/pkg/storage/reactions_bootstrap.go:127.86,138.16 3 0
github.com/dmtsa27/kachka.git/pkg/storage/reactions_bootstrap.go:138.16,140.3 1 0
github.com/dmtsa27/kachka.git/pkg/storage/reactions_bootstrap.go:141.2,141.19 1 0
github.com/dmtsa27/kachka.git/pkg/storage/reactions_bootstrap.go:144.94,156.16 3 0
github.com/dmtsa27/kachka.git/pkg/storage/reactions_bootstrap.go:156.16,158.3 1 0
github.com/dmtsa27/kachka.git/pkg/storage/reactions_bootstrap.go:159.2,159.19 1 0
github.com/dmtsa27/kachka.git/pkg/storage/reactions_bootstrap.go:162.106,164.16 2 0
github.com/dmtsa27/kachka.git/pkg/storage/reactions_bootstrap.go:164.16,166.3 1 0
github.com/dmtsa27/kachka.git/pkg/storage/reactions_bootstrap.go:167.2,173.16 3 0
github.com/dmtsa27/kachka.git/pkg/storage/reactions_bootstrap.go:173.16,175.3 1 0
github.com/dmtsa27/kachka.git/pkg/storage/reactions_bootstrap.go:177.2,178.16 2 0
github.com/dmtsa27/kachka.git/pkg/storage/reactions_bootstrap.go:178.16,180.3 1 0
github.com/dmtsa27/kachka.git/pkg/storage/reactions_bootstrap.go:181.2,181.21 1 0
github.com/dmtsa27/kachka.git/pkg/storage/reactions_bootstrap.go:181.21,182.37 1 0
github.com/dmtsa27/kachka.git/pkg/storage/reactions_bootstrap.go:182.37,184.4 1 0
github.com/dmtsa27/kachka.git/pkg/storage/reactions_bootstrap.go:185.3,185.19 1 0
github.com/dmtsa27/kachka.git/pkg/storage/reactions_bootstrap.go:188.2,193.16 2 0
github.com/dmtsa27/kachka.git/pkg/storage/reactions_bootstrap.go:193.16,195.3 1 0
github.com/dmtsa27/kachka.git/pkg/storage/reactions_bootstrap.go:197.2,198.16 2 0
github.com/dmtsa27/kachka.git/pkg/storage/reactions_bootstrap.go:198.16,200.3 1 0
github.com/dmtsa27/kachka.git/pkg/storage/reactions_bootstrap.go:202.2,202.36 1 0
github.com/dmtsa27/kachka.git/pkg/storage/reactions_bootstrap.go:202.36,204.3 1 0
github.com/dmtsa27/kachka.git/pkg/storage/reactions_bootstrap.go:206.2,206.29 1 0
github.com/dmtsa27/kachka.git/pkg/storage/sessions.go:5.98,15.16 4 1
github.com/dmtsa27/kachka.git/pkg/storage/sessions.go:15.16,17.3 1 0
github.com/dmtsa27/kachka.git/pkg/storage/sessions.go:18.2,18.20 1 1
github.com/dmtsa27/kachka.git/pkg/storage/sessions.go:22.102,27.2 3 1
github.com/dmtsa27/kachka.git/pkg/storage/sessions.go:29.91,37.2 3 0
github.com/dmtsa27/kachka.git/pkg/storage/sessions.go:39.97,52.16 4 1
github.com/dmtsa27/kachka.git/pkg/storage/sessions.go:52.16,54.3 1 0
github.com/dmtsa27/kachka.git/pkg/storage/sessions.go:56.2,56.22 1 1
github.com/dmtsa27/kachka.git/pkg/storage/sessions.go:59.107,72.16 4 0
github.com/dmtsa27/kachka.git/pkg/storage/sessions.go:72.16,74.3 1 0
github.com/dmtsa27/kachka.git/pkg/storage/sessions.go:76.2,76.22 1 0
github.com/dmtsa27/kachka.git/pkg/storage/sessions.go:79.94,83.2 3 0
github.com/dmtsa27/kachka.git/pkg/storage/sessions.go:85.110,88.16 3 0
github.com/dmtsa27/kachka.git/pkg/storage/sessions.go:88.16,90.3 1 0
github.com/dmtsa27/kachka.git/pkg/storage/sessions.go:92.2,93.16 2 0
github.com/dmtsa27/kachka.git/pkg/storage/sessions.go:93.16,95.3 1 0
github.com/dmtsa27/kachka.git/pkg/storage/sessions.go:97.2,97.22 1 0
github.com/dmtsa27/kachka.git/pkg/storage/user.go:5.68,17.2 3 1
github.com/dmtsa27/kachka.git/pkg/storage/user.go:19.78,24.16 4 1
github.com/dmtsa27/kachka.git/pkg/storage/user.go:24.16,26.3 1 0
github.com/dmtsa27/kachka.git/pkg/storage/user.go:28.2,28.21 1 1
github.com/dmtsa27/kachka.git/pkg/storage/user.go:31.75,35.2 3 1
github.com/dmtsa27/kachka.git/pkg/storage/user.go:38.84,39.23 1 1
github.com/dmtsa27/kachka.git/pkg/storage/user.go:39.23,41.3 1 0
github.com/dmtsa27/kachka.git/pkg/storage/user.go:42.2,43.16 2 1
github.com/dmtsa27/kachka.git/pkg/storage/user.go:43.16,45.3 1 0
github.com/dmtsa27/kachka.git/pkg/storage/user.go:46.2,48.29 2 1
github.com/dmtsa27/kachka.git/pkg/storage/user.go:48.29,51.17 1 1
github.com/dmtsa27/kachka.git/pkg/storage/user.go:51.17,53.4 1 0
github.com/dmtsa27/kachka.git/pkg/storage/user.go:56.2,56.20 1 1
github.com/dmtsa27/kachka.git/pkg/storage/user.go:59.68,63.2 3 0
github.com/dmtsa27/kachka.git/pkg/storage/user.go:65.71,68.16 2 1
github.com/dmtsa27/kachka.git/pkg/storage/user.go:68.16,70.3 1 0
github.com/dmtsa27/kachka.git/pkg/storage/user.go:71.2,73.98 2 1
github.com/dmtsa27/kachka.git/pkg/storage/user.go:73.98,75.3 1 0
github.com/dmtsa27/kachka.git/pkg/storage/user.go:76.2,76.98 1 1
github.com/dmtsa27/kachka.git/pkg/storage/user.go:76.98,78.3 1 0
github.com/dmtsa27/kachka.git/pkg/storage/user.go:79.2,79.102 1 1
github.com/dmtsa27/kachka.git/pkg/storage/user.go:79.102,81.3 1 0
github.com/dmtsa27/kachka.git/pkg/storage/user.go:82.2,82.107 1 1
github.com/dmtsa27/kachka.git/pkg/storage/user.go:82.107,84.3 1 0
github.com/dmtsa27/kachka.git/pkg/storage/user.go:85.2,85.99 1 1
github.com/dmtsa27/kachka.git/pkg/storage/user.go:85.99,87.3 1 0
github.com/dmtsa27/kachka.git/pkg/storage/user.go:89.2,89.20 1 1
github.com/dmtsa27/kachka.git/pkg/storage/user.go:92.74,96.16 3 1
github.com/dmtsa27/kachka.git/pkg/storage/user.go:96.16,98.3 1 0
github.com/dmtsa27/kachka.git/pkg/storage/user.go:99.2,102.18 3 1
github.com/dmtsa27/kachka.git/pkg/storage/user.go:102.18,104.105 2 1
github.com/dmtsa27/kachka.git/pkg/storage/user.go:104.105,106.4 1 0
github.com/dmtsa27/kachka.git/pkg/storage/user.go:107.3,107.27 1 1
github.com/dmtsa27/kachka.git/pkg/storage/user.go:110.2,110.26 1 1
github.com/dmtsa27/kachka.git/pkg/storage/user.go:113.92,115.45 1 1
github.com/dmtsa27/kachka.git/pkg/storage/user.go:115.45,117.3 1 1
github.com/dmtsa27/kachka.git/pkg/storage/user.go:119.2,121.16 3 1
github.com/dmtsa27/kachka.git/pkg/storage/votes.go:9.75,16.2 2 0
github.com/dmtsa27/kachka.git/pkg/storage/votes.go:18.93,25.16 3 0
github.com/dmtsa27/kachka.git/pkg/storage/votes.go:25.16,27.3 1 0
github.com/dmtsa27/kachka.git/pkg/storage/votes.go:28.2,28.16 1 0
github.com/dmtsa27/kachka.git/pkg/storage/votes.go:31.88,37.2 2 0
github.com/dmtsa27/kachka.git/pkg/storage/workout.go:11.77,16.2 3 1
github.com/dmtsa27/kachka.git/pkg/storage/workout.go:18.117,30.16 4 1
github.com/dmtsa27/kachka.git/pkg/storage/workout.go:30.16,32.3 1 0
github.com/dmtsa27/kachka.git/pkg/storage/workout.go:33.2,33.19 1 1
github.com/dmtsa27/kachka.git/pkg/storage/workout.go:36.124,51.16 3 0
github.com/dmtsa27/kachka.git/pkg/storage/workout.go:51.16,53.3 1 0
github.com/dmtsa27/kachka.git/pkg/storage/workout.go:54.2,57.18 3 0
github.com/dmtsa27/kachka.git/pkg/storage/workout.go:57.18,59.76 2 0
github.com/dmtsa27/kachka.git/pkg/storage/workout.go:59.76,61.4 1 0
github.com/dmtsa27/kachka.git/pkg/storage/workout.go:62.3,62.30 1 0
github.com/dmtsa27/kachka.git/pkg/storage/workout.go:65.2,65.27 1 0
github.com/dmtsa27/kachka.git/pkg/storage/workout.go:68.98,80.16 5 1
github.com/dmtsa27/kachka.git/pkg/storage/workout.go:80.16,82.3 1 0
github.com/dmtsa27/kachka.git/pkg/storage/workout.go:83.2,83.20 1 1
github.com/dmtsa27/kachka.git/pkg/storage/workout.go:86.117,96.2 3 1
github.com/dmtsa27/kachka.git/pkg/storage/workout.go:98.112,106.2 2 0
github.com/dmtsa27/kachka.git/pkg/storage/workout.go:108.107,116.16 3 0
github.com/dmtsa27/kachka.git/pkg/storage/workout.go:116.16,118.3 1 0
github.com/dmtsa27/kachka.git/pkg/storage/workout.go:119.2,119.16 1 0
github.com/dmtsa27/kachka.git/pkg/storage/workout.go:122.105,127.44 4 0
github.com/dmtsa27/kachka.git/pkg/storage/workout.go:127.44,139.17 4 0
github.com/dmtsa27/kachka.git/pkg/storage/workout.go:139.17,141.4 1 0
github.com/dmtsa27/kachka.git/pkg/storage/workout.go:142.3,143.15 2 0
github.com/dmtsa27/kachka.git/pkg/storage/workout.go:143.15,145.4 1 0
github.com/dmtsa27/kachka.git/pkg/storage/workout.go:147.2,147.19 1 0
github.com/dmtsa27/kachka.git/pkg/storage/workout.go:150.110,163.16 2 0
github.com/dmtsa27/kachka.git/pkg/storage/workout.go:163.16,165.3 1 0
github.com/dmtsa27/kachka.git/pkg/storage/workout.go:166.2,167.27 2 0
github.com/dmtsa27/kachka.git/pkg/storage/workout.go:170.116,198.16 3 0
github.com/dmtsa27/kachka.git/pkg/storage/workout.go:198.16,200.3 1 0
github.com/dmtsa27/kachka.git/pkg/storage/workout.go:201.2,204.18 3 0
github.com/dmtsa27/kachka.git/pkg/storage/workout.go:204.18,206.133 2 0
github.com/dmtsa27/kachka.git/pkg/storage/workout.go:206.133,208.4 1 0
github.com/dmtsa27/kachka.git/pkg/storage/workout.go:209.3,209.28 1 0
github.com/dmtsa27/kachka.git/pkg/storage/workout.go:212.2,212.26 1 0
github.com/dmtsa27/kachka.git/pkg/storage/workout.go:215.97,227.2 4 0
